[nohealthynowealthy.webflow.io/index.html]
[backblue.gif]
[fade.gif]
[index.html]
[nohealthynowealthy.webflow.io/index.html]
[nohealthynowealthy.webflow.io/about.html]
[nohealthynowealthy.webflow.io/free-workouts.html]
[nohealthynowealthy.webflow.io/shop.html]
[nohealthynowealthy.webflow.io/contact.html]
[nohealthynowealthy.webflow.io/checkout.html]
[nohealthynowealthy.webflow.io/free-plans/the-ultimate-abs-tabata.html]
[nohealthynowealthy.webflow.io/free-plans/the-perfect-outdoor-workout.html]
[nohealthynowealthy.webflow.io/free-plans/back-day.html]
[nohealthynowealthy.webflow.io/product/home-burn.html]
[nohealthynowealthy.webflow.io/product/high-intensity-training.html]
[nohealthynowealthy.webflow.io/product/shedded-meal-plan.html]
[nohealthynowealthy.webflow.io/blog.html]
[nohealthynowealthy.webflow.io/post/the-10-best-exercises-to-do-in-your-park.html]
[nohealthynowealthy.webflow.io/post/healthy-breakfast-ideas.html]
[nohealthynowealthy.webflow.io/post/my-life-changing-experience.html]
[nohealthynowealthy.webflow.io/licencing.html]
[nohealthynowealthy.webflow.io/brand-guidelines/style-guide.html]
